Date: 04/09/2025, Time: 21:34
Error: Producwt is not defined
Stack Trace: Error: Producwt is not defined
    at Object.deleteMultipleProducts (file:///D:/PROJECTS/STOCKCONNECTBE/stock-connect-backend/src/service/productService.js:378:11)
    at deleteMultipleProducts (file:///D:/PROJECTS/STOCKCONNECTBE/stock-connect-backend/src/controllers/ProductController.js:167:41)
    at Layer.handleRequest (D:\PROJECTS\STOCKCONNECTBE\stock-connect-backend\node_modules\router\lib\layer.js:152:17)
    at next (D:\PROJECTS\STOCKCONNECTBE\stock-connect-backend\node_modules\router\lib\route.js:157:13)
    at Route.dispatch (D:\PROJECTS\STOCKCONNECTBE\stock-connect-backend\node_modules\router\lib\route.js:117:3)
    at handle (D:\PROJECTS\STOCKCONNECTBE\stock-connect-backend\node_modules\router\index.js:435:11)
    at Layer.handleRequest (D:\PROJECTS\STOCKCONNECTBE\stock-connect-backend\node_modules\router\lib\layer.js:152:17)
    at D:\PROJECTS\STOCKCONNECTBE\stock-connect-backend\node_modules\router\index.js:295:15
    at processParams (D:\PROJECTS\STOCKCONNECTBE\stock-connect-backend\node_modules\router\index.js:582:12)
    at next (D:\PROJECTS\STOCKCONNECTBE\stock-connect-backend\node_modules\router\index.js:291:5)

Date: 23/09/2025, Time: 17:33
Error: response is not defined
Stack Trace: ReferenceError: response is not defined
    at merchantCancelById (file:///D:/Projects/gravity-work/stock-connect-backend/src/controllers/OrderController.js:134:68)
    at process.processTicksAndRejections (node:internal/process/task_queues:105:5)

Date: 24/09/2025, Time: 11:17
Error: response is not defined
Stack Trace: ReferenceError: response is not defined
    at merchantCancelById (file:///D:/Projects/gravity-work/stock-connect-backend/src/controllers/OrderController.js:137:68)
    at process.processTicksAndRejections (node:internal/process/task_queues:105:5)

